Archive member included to satisfy reference by file (symbol)

c:/st/stm32cubeide_1.9.0/stm32cubeide/plugins/com.st.stm32cube.ide.mcu.externaltools.gnu-tools-for-stm32.10.3-2021.10.win32_1.0.0.202111181127/tools/bin/../lib/gcc/arm-none-eabi/10.3.1/../../../../arm-none-eabi/lib/thumb/v6-m/nofp\libc_nano.a(lib_a-errno.o)
                              ./Core/Src/syscalls.o (__errno)
c:/st/stm32cubeide_1.9.0/stm32cubeide/plugins/com.st.stm32cube.ide.mcu.externaltools.gnu-tools-for-stm32.10.3-2021.10.win32_1.0.0.202111181127/tools/bin/../lib/gcc/arm-none-eabi/10.3.1/../../../../arm-none-eabi/lib/thumb/v6-m/nofp\libc_nano.a(lib_a-exit.o)
                              c:/st/stm32cubeide_1.9.0/stm32cubeide/plugins/com.st.stm32cube.ide.mcu.externaltools.gnu-tools-for-stm32.10.3-2021.10.win32_1.0.0.202111181127/tools/bin/../lib/gcc/arm-none-eabi/10.3.1/../../../../arm-none-eabi/lib/thumb/v6-m/nofp/crt0.o (exit)
c:/st/stm32cubeide_1.9.0/stm32cubeide/plugins/com.st.stm32cube.ide.mcu.externaltools.gnu-tools-for-stm32.10.3-2021.10.win32_1.0.0.202111181127/tools/bin/../lib/gcc/arm-none-eabi/10.3.1/../../../../arm-none-eabi/lib/thumb/v6-m/nofp\libc_nano.a(lib_a-impure.o)
                              c:/st/stm32cubeide_1.9.0/stm32cubeide/plugins/com.st.stm32cube.ide.mcu.externaltools.gnu-tools-for-stm32.10.3-2021.10.win32_1.0.0.202111181127/tools/bin/../lib/gcc/arm-none-eabi/10.3.1/../../../../arm-none-eabi/lib/thumb/v6-m/nofp\libc_nano.a(lib_a-exit.o) (_global_impure_ptr)
c:/st/stm32cubeide_1.9.0/stm32cubeide/plugins/com.st.stm32cube.ide.mcu.externaltools.gnu-tools-for-stm32.10.3-2021.10.win32_1.0.0.202111181127/tools/bin/../lib/gcc/arm-none-eabi/10.3.1/../../../../arm-none-eabi/lib/thumb/v6-m/nofp\libc_nano.a(lib_a-init.o)
                              c:/st/stm32cubeide_1.9.0/stm32cubeide/plugins/com.st.stm32cube.ide.mcu.externaltools.gnu-tools-for-stm32.10.3-2021.10.win32_1.0.0.202111181127/tools/bin/../lib/gcc/arm-none-eabi/10.3.1/../../../../arm-none-eabi/lib/thumb/v6-m/nofp/crt0.o (__libc_init_array)
c:/st/stm32cubeide_1.9.0/stm32cubeide/plugins/com.st.stm32cube.ide.mcu.externaltools.gnu-tools-for-stm32.10.3-2021.10.win32_1.0.0.202111181127/tools/bin/../lib/gcc/arm-none-eabi/10.3.1/../../../../arm-none-eabi/lib/thumb/v6-m/nofp\libc_nano.a(lib_a-malloc.o)
                              ./Core/ThreadSafe/newlib_lock_glue.o (malloc)
c:/st/stm32cubeide_1.9.0/stm32cubeide/plugins/com.st.stm32cube.ide.mcu.externaltools.gnu-tools-for-stm32.10.3-2021.10.win32_1.0.0.202111181127/tools/bin/../lib/gcc/arm-none-eabi/10.3.1/../../../../arm-none-eabi/lib/thumb/v6-m/nofp\libc_nano.a(lib_a-memset.o)
                              c:/st/stm32cubeide_1.9.0/stm32cubeide/plugins/com.st.stm32cube.ide.mcu.externaltools.gnu-tools-for-stm32.10.3-2021.10.win32_1.0.0.202111181127/tools/bin/../lib/gcc/arm-none-eabi/10.3.1/../../../../arm-none-eabi/lib/thumb/v6-m/nofp/crt0.o (memset)
c:/st/stm32cubeide_1.9.0/stm32cubeide/plugins/com.st.stm32cube.ide.mcu.externaltools.gnu-tools-for-stm32.10.3-2021.10.win32_1.0.0.202111181127/tools/bin/../lib/gcc/arm-none-eabi/10.3.1/../../../../arm-none-eabi/lib/thumb/v6-m/nofp\libc_nano.a(lib_a-nano-freer.o)
                              c:/st/stm32cubeide_1.9.0/stm32cubeide/plugins/com.st.stm32cube.ide.mcu.externaltools.gnu-tools-for-stm32.10.3-2021.10.win32_1.0.0.202111181127/tools/bin/../lib/gcc/arm-none-eabi/10.3.1/../../../../arm-none-eabi/lib/thumb/v6-m/nofp\libc_nano.a(lib_a-malloc.o) (_free_r)
c:/st/stm32cubeide_1.9.0/stm32cubeide/plugins/com.st.stm32cube.ide.mcu.externaltools.gnu-tools-for-stm32.10.3-2021.10.win32_1.0.0.202111181127/tools/bin/../lib/gcc/arm-none-eabi/10.3.1/../../../../arm-none-eabi/lib/thumb/v6-m/nofp\libc_nano.a(lib_a-nano-mallocr.o)
                              c:/st/stm32cubeide_1.9.0/stm32cubeide/plugins/com.st.stm32cube.ide.mcu.externaltools.gnu-tools-for-stm32.10.3-2021.10.win32_1.0.0.202111181127/tools/bin/../lib/gcc/arm-none-eabi/10.3.1/../../../../arm-none-eabi/lib/thumb/v6-m/nofp\libc_nano.a(lib_a-malloc.o) (_malloc_r)
c:/st/stm32cubeide_1.9.0/stm32cubeide/plugins/com.st.stm32cube.ide.mcu.externaltools.gnu-tools-for-stm32.10.3-2021.10.win32_1.0.0.202111181127/tools/bin/../lib/gcc/arm-none-eabi/10.3.1/../../../../arm-none-eabi/lib/thumb/v6-m/nofp\libc_nano.a(lib_a-sbrkr.o)
                              c:/st/stm32cubeide_1.9.0/stm32cubeide/plugins/com.st.stm32cube.ide.mcu.externaltools.gnu-tools-for-stm32.10.3-2021.10.win32_1.0.0.202111181127/tools/bin/../lib/gcc/arm-none-eabi/10.3.1/../../../../arm-none-eabi/lib/thumb/v6-m/nofp\libc_nano.a(lib_a-nano-mallocr.o) (_sbrk_r)
c:/st/stm32cubeide_1.9.0/stm32cubeide/plugins/com.st.stm32cube.ide.mcu.externaltools.gnu-tools-for-stm32.10.3-2021.10.win32_1.0.0.202111181127/tools/bin/../lib/gcc/arm-none-eabi/10.3.1/../../../../arm-none-eabi/lib/thumb/v6-m/nofp\libc_nano.a(lib_a-strlen.o)
                              ./Core/Src/main.o (strlen)
[...]
Memory Configuration

Name             Origin             Length             Attributes
RAM              0x0000000020000000 0x0000000000002000 xrw
FLASH            0x0000000008000000 0x0000000000010000 xr
*default*        0x0000000000000000 0xffffffffffffffff

Linker script and memory map

LOAD c:/st/stm32cubeide_1.9.0/stm32cubeide/plugins/com.st.stm32cube.ide.mcu.externaltools.gnu-tools-for-stm32.10.3-2021.10.win32_1.0.0.202111181127/tools/bin/../lib/gcc/arm-none-eabi/10.3.1/thumb/v6-m/nofp/crti.o
LOAD c:/st/stm32cubeide_1.9.0/stm32cubeide/plugins/com.st.stm32cube.ide.mcu.externaltools.gnu-tools-for-stm32.10.3-2021.10.win32_1.0.0.202111181127/tools/bin/../lib/gcc/arm-none-eabi/10.3.1/thumb/v6-m/nofp/crtbegin.o
LOAD c:/st/stm32cubeide_1.9.0/stm32cubeide/plugins/com.st.stm32cube.ide.mcu.externaltools.gnu-tools-for-stm32.10.3-2021.10.win32_1.0.0.202111181127/tools/bin/../lib/gcc/arm-none-eabi/10.3.1/../../../../arm-none-eabi/lib/thumb/v6-m/nofp/crt0.o
LOAD ./Core/Src/main.o
LOAD ./Core/Src/stm32f0xx_hal_msp.o
LOAD ./Core/Src/stm32f0xx_it.o
LOAD ./Core/Src/syscalls.o
LOAD ./Core/Src/sysmem.o
LOAD ./Core/Src/system_stm32f0xx.o
LOAD ./Core/Startup/startup_stm32f051r8tx.o
LOAD ./Core/ThreadSafe/newlib_lock_glue.o
LOAD ./Drivers/STM32F0xx_HAL_Driver/Src/stm32f0xx_hal.o
LOAD ./Drivers/STM32F0xx_HAL_Driver/Src/stm32f0xx_hal_adc.o
LOAD ./Drivers/STM32F0xx_HAL_Driver/Src/stm32f0xx_hal_adc_ex.o
LOAD ./Drivers/STM32F0xx_HAL_Driver/Src/stm32f0xx_hal_cortex.o
LOAD ./Drivers/STM32F0xx_HAL_Driver/Src/stm32f0xx_hal_dma.o
LOAD ./Drivers/STM32F0xx_HAL_Driver/Src/stm32f0xx_hal_exti.o
LOAD ./Drivers/STM32F0xx_HAL_Driver/Src/stm32f0xx_hal_flash.o
LOAD ./Drivers/STM32F0xx_HAL_Driver/Src/stm32f0xx_hal_flash_ex.o
LOAD ./Drivers/STM32F0xx_HAL_Driver/Src/stm32f0xx_hal_gpio.o
LOAD ./Drivers/STM32F0xx_HAL_Driver/Src/stm32f0xx_hal_i2c.o
LOAD ./Drivers/STM32F0xx_HAL_Driver/Src/stm32f0xx_hal_i2c_ex.o
LOAD ./Drivers/STM32F0xx_HAL_Driver/Src/stm32f0xx_hal_pwr.o
LOAD ./Drivers/STM32F0xx_HAL_Driver/Src/stm32f0xx_hal_pwr_ex.o
LOAD ./Drivers/STM32F0xx_HAL_Driver/Src/stm32f0xx_hal_rcc.o
LOAD ./Drivers/STM32F0xx_HAL_Driver/Src/stm32f0xx_hal_rcc_ex.o
LOAD ./Drivers/STM32F0xx_HAL_Driver/Src/stm32f0xx_hal_tim.o
LOAD ./Drivers/STM32F0xx_HAL_Driver/Src/stm32f0xx_hal_tim_ex.o
LOAD ./Drivers/STM32F0xx_HAL_Driver/Src/stm32f0xx_hal_uart.o
LOAD ./Drivers/STM32F0xx_HAL_Driver/Src/stm32f0xx_hal_uart_ex.o
START GROUP
LOAD c:/st/stm32cubeide_1.9.0/stm32cubeide/plugins/com.st.stm32cube.ide.mcu.externaltools.gnu-tools-for-stm32.10.3-2021.10.win32_1.0.0.202111181127/tools/bin/../lib/gcc/arm-none-eabi/10.3.1/../../../../arm-none-eabi/lib/thumb/v6-m/nofp\libc_nano.a
LOAD c:/st/stm32cubeide_1.9.0/stm32cubeide/plugins/com.st.stm32cube.ide.mcu.externaltools.gnu-tools-for-stm32.10.3-2021.10.win32_1.0.0.202111181127/tools/bin/../lib/gcc/arm-none-eabi/10.3.1/../../../../arm-none-eabi/lib/thumb/v6-m/nofp\libm.a
END GROUP
START GROUP
LOAD c:/st/stm32cubeide_1.9.0/stm32cubeide/plugins/com.st.stm32cube.ide.mcu.externaltools.gnu-tools-for-stm32.10.3-2021.10.win32_1.0.0.202111181127/tools/bin/../lib/gcc/arm-none-eabi/10.3.1/thumb/v6-m/nofp\libgcc.a
LOAD c:/st/stm32cubeide_1.9.0/stm32cubeide/plugins/com.st.stm32cube.ide.mcu.externaltools.gnu-tools-for-stm32.10.3-2021.10.win32_1.0.0.202111181127/tools/bin/../lib/gcc/arm-none-eabi/10.3.1/../../../../arm-none-eabi/lib/thumb/v6-m/nofp\libc_nano.a
END GROUP
START GROUP
LOAD c:/st/stm32cubeide_1.9.0/stm32cubeide/plugins/com.st.stm32cube.ide.mcu.externaltools.gnu-tools-for-stm32.10.3-2021.10.win32_1.0.0.202111181127/tools/bin/../lib/gcc/arm-none-eabi/10.3.1/thumb/v6-m/nofp\libgcc.a
LOAD c:/st/stm32cubeide_1.9.0/stm32cubeide/plugins/com.st.stm32cube.ide.mcu.externaltools.gnu-tools-for-stm32.10.3-2021.10.win32_1.0.0.202111181127/tools/bin/../lib/gcc/arm-none-eabi/10.3.1/../../../../arm-none-eabi/lib/thumb/v6-m/nofp\libc_nano.a
LOAD c:/st/stm32cubeide_1.9.0/stm32cubeide/plugins/com.st.stm32cube.ide.mcu.externaltools.gnu-tools-for-stm32.10.3-2021.10.win32_1.0.0.202111181127/tools/bin/../lib/gcc/arm-none-eabi/10.3.1/../../../../arm-none-eabi/lib/thumb/v6-m/nofp\libnosys.a
END GROUP
START GROUP
LOAD c:/st/stm32cubeide_1.9.0/stm32cubeide/plugins/com.st.stm32cube.ide.mcu.externaltools.gnu-tools-for-stm32.10.3-2021.10.win32_1.0.0.202111181127/tools/bin/../lib/gcc/arm-none-eabi/10.3.1/thumb/v6-m/nofp\libgcc.a
LOAD c:/st/stm32cubeide_1.9.0/stm32cubeide/plugins/com.st.stm32cube.ide.mcu.externaltools.gnu-tools-for-stm32.10.3-2021.10.win32_1.0.0.202111181127/tools/bin/../lib/gcc/arm-none-eabi/10.3.1/../../../../arm-none-eabi/lib/thumb/v6-m/nofp\libc_nano.a
LOAD c:/st/stm32cubeide_1.9.0/stm32cubeide/plugins/com.st.stm32cube.ide.mcu.externaltools.gnu-tools-for-stm32.10.3-2021.10.win32_1.0.0.202111181127/tools/bin/../lib/gcc/arm-none-eabi/10.3.1/../../../../arm-none-eabi/lib/thumb/v6-m/nofp\libnosys.a
END GROUP
LOAD c:/st/stm32cubeide_1.9.0/stm32cubeide/plugins/com.st.stm32cube.ide.mcu.externaltools.gnu-tools-for-stm32.10.3-2021.10.win32_1.0.0.202111181127/tools/bin/../lib/gcc/arm-none-eabi/10.3.1/thumb/v6-m/nofp/crtend.o
LOAD c:/st/stm32cubeide_1.9.0/stm32cubeide/plugins/com.st.stm32cube.ide.mcu.externaltools.gnu-tools-for-stm32.10.3-2021.10.win32_1.0.0.202111181127/tools/bin/../lib/gcc/arm-none-eabi/10.3.1/thumb/v6-m/nofp/crtn.o
                0x0000000020002000                _estack = (ORIGIN (RAM) + LENGTH (RAM))
                0x0000000000000200                _Min_Heap_Size = 0x200
                0x0000000000000400                _Min_Stack_Size = 0x400

.isr_vector     0x0000000008000000       0xc0
                0x0000000008000000                . = ALIGN (0x4)
 *(.isr_vector)
 .isr_vector    0x0000000008000000       0xc0 ./Core/Startup/startup_stm32f051r8tx.o
                0x0000000008000000                g_pfnVectors
                0x00000000080000c0                . = ALIGN (0x4)

.text           0x00000000080000c0     0x3624
                0x00000000080000c0                . = ALIGN (0x4)
 *(.text)
 .text          0x00000000080000c0       0x48 c:/st/stm32cubeide_1.9.0/stm32cubeide/plugins/com.st.stm32cube.ide.mcu.externaltools.gnu-tools-for-stm32.10.3-2021.10.win32_1.0.0.202111181127/tools/bin/../lib/gcc/arm-none-eabi/10.3.1/thumb/v6-m/nofp/crtbegin.o
 .text          0x0000000008000108        0xe c:/st/stm32cubeide_1.9.0/stm32cubeide/plugins/com.st.stm32cube.ide.mcu.externaltools.gnu-tools-for-stm32.10.3-2021.10.win32_1.0.0.202111181127/tools/bin/../lib/gcc/arm-none-eabi/10.3.1/../../../../arm-none-eabi/lib/thumb/v6-m/nofp\libc_nano.a(lib_a-strlen.o)
                0x0000000008000108                strlen
 *fill*         0x0000000008000116        0x2 
 .text          0x0000000008000118      0x114 c:/st/stm32cubeide_1.9.0/stm32cubeide/plugins/com.st.stm32cube.ide.mcu.externaltools.gnu-tools-for-stm32.10.3-2021.10.win32_1.0.0.202111181127/tools/bin/../lib/gcc/arm-none-eabi/10.3.1/thumb/v6-m/nofp\libgcc.a(_udivsi3.o)
                0x0000000008000118                __aeabi_uidiv
                0x0000000008000118                __udivsi3
                0x0000000008000224                __aeabi_uidivmod
 .text          0x000000000800022c        0x4 c:/st/stm32cubeide_1.9.0/stm32cubeide/plugins/com.st.stm32cube.ide.mcu.externaltools.gnu-tools-for-stm32.10.3-2021.10.win32_1.0.0.202111181127/tools/bin/../lib/gcc/arm-none-eabi/10.3.1/thumb/v6-m/nofp\libgcc.a(_dvmd_tls.o)
                0x000000000800022c                __aeabi_idiv0
                0x000000000800022c                __aeabi_ldiv0
 *(.text*)
 .text.debugPrintln
                0x0000000008000230       0x40 ./Core/Src/main.o
                0x0000000008000230                debugPrintln
 .text.main     0x0000000008000270      0x1ec ./Core/Src/main.o
                0x0000000008000270                main
 .text.SystemClock_Config
                0x000000000800045c       0xa0 ./Core/Src/main.o
                0x000000000800045c                SystemClock_Config
 .text.MX_ADC_Init
                0x00000000080004fc       0xb8 ./Core/Src/main.o
 .text.MX_I2C2_Init
                0x00000000080005b4       0x80 ./Core/Src/main.o
 .text.MX_USART2_UART_Init
                0x0000000008000634       0x60 ./Core/Src/main.o
 .text.MX_GPIO_Init
                0x0000000008000694      0x150 ./Core/Src/main.o
 .text.Error_Handler
                0x00000000080007e4        0xa ./Core/Src/main.o
                0x00000000080007e4                Error_Handler
 *fill*         0x00000000080007ee        0x2 
 .text.HAL_MspInit
                0x00000000080007f0       0x48 ./Core/Src/stm32f0xx_hal_msp.o
                0x00000000080007f0                HAL_MspInit
 .text.HAL_ADC_MspInit
                0x0000000008000838       0x8c ./Core/Src/stm32f0xx_hal_msp.o
                0x0000000008000838                HAL_ADC_MspInit
 .text.HAL_I2C_MspInit
                0x00000000080008c4       0x9c ./Core/Src/stm32f0xx_hal_msp.o
                0x00000000080008c4                HAL_I2C_MspInit
 .text.HAL_UART_MspInit
                0x0000000008000960       0x98 ./Core/Src/stm32f0xx_hal_msp.o
                0x0000000008000960                HAL_UART_MspInit
 .text.NMI_Handler
                0x00000000080009f8        0x6 ./Core/Src/stm32f0xx_it.o
                0x00000000080009f8                NMI_Handler
 .text.HardFault_Handler
                0x00000000080009fe        0x6 ./Core/Src/stm32f0xx_it.o
                0x00000000080009fe                HardFault_Handler
 .text.SVC_Handler
                0x0000000008000a04        0xa ./Core/Src/stm32f0xx_it.o
                0x0000000008000a04                SVC_Handler
 .text.PendSV_Handler
                0x0000000008000a0e        0xa ./Core/Src/stm32f0xx_it.o
                0x0000000008000a0e                PendSV_Handler
 .text.SysTick_Handler
                0x0000000008000a18        0xe ./Core/Src/stm32f0xx_it.o
                0x0000000008000a18                SysTick_Handler
 .text.SystemInit
                0x0000000008000a26        0xa ./Core/Src/system_stm32f0xx.o
                0x0000000008000a26                SystemInit
 .text.Reset_Handler
                0x0000000008000a30       0x50 ./Core/Startup/startup_stm32f051r8tx.o
                0x0000000008000a30                Reset_Handler
 .text.Default_Handler
                0x0000000008000a80        0x2 ./Core/Startup/startup_stm32f051r8tx.o
                0x0000000008000a80                TIM1_CC_IRQHandler
                0x0000000008000a80                TSC_IRQHandler
                0x0000000008000a80                ADC1_COMP_IRQHandler
                0x0000000008000a80                PVD_IRQHandler
                0x0000000008000a80                I2C1_IRQHandler
                0x0000000008000a80                RCC_CRS_IRQHandler
                0x0000000008000a80                SPI1_IRQHandler
                0x0000000008000a80                TIM6_DAC_IRQHandler
                0x0000000008000a80                EXTI2_3_IRQHandler
                0x0000000008000a80                I2C2_IRQHandler
                0x0000000008000a80                TIM17_IRQHandler
                0x0000000008000a80                CEC_CAN_IRQHandler
                0x0000000008000a80                RTC_IRQHandler
                0x0000000008000a80                TIM16_IRQHandler
                0x0000000008000a80                TIM3_IRQHandler
                0x0000000008000a80                EXTI4_15_IRQHandler
                0x0000000008000a80                DMA1_Channel1_IRQHandler
                0x0000000008000a80                Default_Handler
                0x0000000008000a80                TIM14_IRQHandler
                0x0000000008000a80                DMA1_Channel4_5_IRQHandler
                0x0000000008000a80                TIM15_IRQHandler
                0x0000000008000a80                EXTI0_1_IRQHandler
                0x0000000008000a80                SPI2_IRQHandler
                0x0000000008000a80                WWDG_IRQHandler
                0x0000000008000a80                TIM2_IRQHandler
                0x0000000008000a80                DMA1_Channel2_3_IRQHandler
                0x0000000008000a80                USART2_IRQHandler
                0x0000000008000a80                FLASH_IRQHandler
                0x0000000008000a80                USART1_IRQHandler
                0x0000000008000a80                TIM1_BRK_UP_TRG_COM_IRQHandler
 *fill*         0x0000000008000a82        0x2 
 .text.HAL_Init
                0x0000000008000a84       0x28 ./Drivers/STM32F0xx_HAL_Driver/Src/stm32f0xx_hal.o
                0x0000000008000a84                HAL_Init
 .text.HAL_InitTick
                0x0000000008000aac       0x68 ./Drivers/STM32F0xx_HAL_Driver/Src/stm32f0xx_hal.o
                0x0000000008000aac                HAL_InitTick
 .text.HAL_IncTick
                0x0000000008000b14       0x24 ./Drivers/STM32F0xx_HAL_Driver/Src/stm32f0xx_hal.o
                0x0000000008000b14                HAL_IncTick
 .text.HAL_GetTick
                0x0000000008000b38       0x14 ./Drivers/STM32F0xx_HAL_Driver/Src/stm32f0xx_hal.o
                0x0000000008000b38                HAL_GetTick
 .text.HAL_Delay
                0x0000000008000b4c       0x48 ./Drivers/STM32F0xx_HAL_Driver/Src/stm32f0xx_hal.o
                0x0000000008000b4c                HAL_Delay
 .text.HAL_ADC_Init
                0x0000000008000b94      0x280 ./Drivers/STM32F0xx_HAL_Driver/Src/stm32f0xx_hal_adc.o
                0x0000000008000b94                HAL_ADC_Init
 .text.HAL_ADC_Start
                0x0000000008000e14       0xa8 ./Drivers/STM32F0xx_HAL_Driver/Src/stm32f0xx_hal_adc.o
                0x0000000008000e14                HAL_ADC_Start
 .text.HAL_ADC_Stop
                0x0000000008000ebc       0x80 ./Drivers/STM32F0xx_HAL_Driver/Src/stm32f0xx_hal_adc.o
                0x0000000008000ebc                HAL_ADC_Stop
 .text.HAL_ADC_PollForConversion
                0x0000000008000f3c      0x130 ./Drivers/STM32F0xx_HAL_Driver/Src/stm32f0xx_hal_adc.o
                0x0000000008000f3c                HAL_ADC_PollForConversion
 .text.HAL_ADC_GetValue
                0x000000000800106c       0x16 ./Drivers/STM32F0xx_HAL_Driver/Src/stm32f0xx_hal_adc.o
                0x000000000800106c                HAL_ADC_GetValue
 *fill*         0x0000000008001082        0x2 
 .text.HAL_ADC_ConfigChannel
                0x0000000008001084      0x21c ./Drivers/STM32F0xx_HAL_Driver/Src/stm32f0xx_hal_adc.o
                0x0000000008001084                HAL_ADC_ConfigChannel
 .text.ADC_Enable
                0x00000000080012a0      0x108 ./Drivers/STM32F0xx_HAL_Driver/Src/stm32f0xx_hal_adc.o
 .text.ADC_Disable
                0x00000000080013a8       0xe2 ./Drivers/STM32F0xx_HAL_Driver/Src/stm32f0xx_hal_adc.o
 .text.ADC_ConversionStop
                0x000000000800148a       0x98 ./Drivers/STM32F0xx_HAL_Driver/Src/stm32f0xx_hal_adc.o
 *fill*         0x0000000008001522        0x2 
 .text.__NVIC_SetPriority
                0x0000000008001524       0xdc ./Drivers/STM32F0xx_HAL_Driver/Src/stm32f0xx_hal_cortex.o
 .text.SysTick_Config
                0x0000000008001600       0x48 ./Drivers/STM32F0xx_HAL_Driver/Src/stm32f0xx_hal_cortex.o
 .text.HAL_NVIC_SetPriority
                0x0000000008001648       0x2a ./Drivers/STM32F0xx_HAL_Driver/Src/stm32f0xx_hal_cortex.o
                0x0000000008001648                HAL_NVIC_SetPriority
 .text.HAL_SYSTICK_Config
                0x0000000008001672       0x1a ./Drivers/STM32F0xx_HAL_Driver/Src/stm32f0xx_hal_cortex.o
                0x0000000008001672                HAL_SYSTICK_Config
 .text.HAL_GPIO_Init
                0x000000000800168c      0x2e0 ./Drivers/STM32F0xx_HAL_Driver/Src/stm32f0xx_hal_gpio.o
                0x000000000800168c                HAL_GPIO_Init
 .text.HAL_GPIO_WritePin
                0x000000000800196c       0x3a ./Drivers/STM32F0xx_HAL_Driver/Src/stm32f0xx_hal_gpio.o
                0x000000000800196c                HAL_GPIO_WritePin
 .text.HAL_GPIO_TogglePin
                0x00000000080019a6       0x36 ./Drivers/STM32F0xx_HAL_Driver/Src/stm32f0xx_hal_gpio.o
                0x00000000080019a6                HAL_GPIO_TogglePin
 .text.HAL_I2C_Init
                0x00000000080019dc      0x12c ./Drivers/STM32F0xx_HAL_Driver/Src/stm32f0xx_hal_i2c.o
                0x00000000080019dc                HAL_I2C_Init
 .text.HAL_I2C_Mem_Write
                0x0000000008001b08      0x25c ./Drivers/STM32F0xx_HAL_Driver/Src/stm32f0xx_hal_i2c.o
                0x0000000008001b08                HAL_I2C_Mem_Write
 .text.HAL_I2C_Mem_Read
                0x0000000008001d64      0x268 ./Drivers/STM32F0xx_HAL_Driver/Src/stm32f0xx_hal_i2c.o
                0x0000000008001d64                HAL_I2C_Mem_Read
 .text.I2C_RequestMemoryWrite
                0x0000000008001fcc       0xc8 ./Drivers/STM32F0xx_HAL_Driver/Src/stm32f0xx_hal_i2c.o
 .text.I2C_RequestMemoryRead
                0x0000000008002094       0xc4 ./Drivers/STM32F0xx_HAL_Driver/Src/stm32f0xx_hal_i2c.o
 .text.I2C_Flush_TXDR
                0x0000000008002158       0x44 ./Drivers/STM32F0xx_HAL_Driver/Src/stm32f0xx_hal_i2c.o
 .text.I2C_WaitOnFlagUntilTimeout
                0x000000000800219c       0x7e ./Drivers/STM32F0xx_HAL_Driver/Src/stm32f0xx_hal_i2c.o
 .text.I2C_WaitOnTXISFlagUntilTimeout
                0x000000000800221a       0x7e ./Drivers/STM32F0xx_HAL_Driver/Src/stm32f0xx_hal_i2c.o
 .text.I2C_WaitOnSTOPFlagUntilTimeout
                0x0000000008002298       0x78 ./Drivers/STM32F0xx_HAL_Driver/Src/stm32f0xx_hal_i2c.o
 .text.I2C_IsAcknowledgeFailed
                0x0000000008002310       0xf4 ./Drivers/STM32F0xx_HAL_Driver/Src/stm32f0xx_hal_i2c.o
 .text.I2C_TransferConfig
                0x0000000008002404       0x6c ./Drivers/STM32F0xx_HAL_Driver/Src/stm32f0xx_hal_i2c.o
 .text.HAL_I2CEx_ConfigAnalogFilter
                0x0000000008002470       0x98 ./Drivers/STM32F0xx_HAL_Driver/Src/stm32f0xx_hal_i2c_ex.o
                0x0000000008002470                HAL_I2CEx_ConfigAnalogFilter
 .text.HAL_I2CEx_ConfigDigitalFilter
                0x0000000008002508       0x98 ./Drivers/STM32F0xx_HAL_Driver/Src/stm32f0xx_hal_i2c_ex.o
                0x0000000008002508                HAL_I2CEx_ConfigDigitalFilter
 .text.HAL_RCC_OscConfig
                0x00000000080025a0      0x634 ./Drivers/STM32F0xx_HAL_Driver/Src/stm32f0xx_hal_rcc.o
                0x00000000080025a0                HAL_RCC_OscConfig
 .text.HAL_RCC_ClockConfig
                0x0000000008002bd4      0x19c ./Drivers/STM32F0xx_HAL_Driver/Src/stm32f0xx_hal_rcc.o
                0x0000000008002bd4                HAL_RCC_ClockConfig
 .text.HAL_RCC_GetSysClockFreq
                0x0000000008002d70       0xc8 ./Drivers/STM32F0xx_HAL_Driver/Src/stm32f0xx_hal_rcc.o
                0x0000000008002d70                HAL_RCC_GetSysClockFreq
 .text.HAL_RCC_GetHCLKFreq
                0x0000000008002e38       0x14 ./Drivers/STM32F0xx_HAL_Driver/Src/stm32f0xx_hal_rcc.o
                0x0000000008002e38                HAL_RCC_GetHCLKFreq
 .text.HAL_RCC_GetPCLK1Freq
                0x0000000008002e4c       0x2c ./Drivers/STM32F0xx_HAL_Driver/Src/stm32f0xx_hal_rcc.o
                0x0000000008002e4c                HAL_RCC_GetPCLK1Freq
 .text.HAL_UART_Init
                0x0000000008002e78       0xa8 ./Drivers/STM32F0xx_HAL_Driver/Src/stm32f0xx_hal_uart.o
                0x0000000008002e78                HAL_UART_Init
 .text.HAL_UART_Transmit
                0x0000000008002f20      0x152 ./Drivers/STM32F0xx_HAL_Driver/Src/stm32f0xx_hal_uart.o
                0x0000000008002f20                HAL_UART_Transmit
 *fill*         0x0000000008003072        0x2 
 .text.UART_SetConfig
                0x0000000008003074      0x280 ./Drivers/STM32F0xx_HAL_Driver/Src/stm32f0xx_hal_uart.o
                0x0000000008003074                UART_SetConfig
 .text.UART_AdvFeatureConfig
                0x00000000080032f4      0x168 ./Drivers/STM32F0xx_HAL_Driver/Src/stm32f0xx_hal_uart.o
                0x00000000080032f4                UART_AdvFeatureConfig
 .text.UART_CheckIdleState
                0x000000000800345c       0x90 ./Drivers/STM32F0xx_HAL_Driver/Src/stm32f0xx_hal_uart.o
                0x000000000800345c                UART_CheckIdleState
 .text.UART_WaitOnFlagUntilTimeout
                0x00000000080034ec      0x188 ./Drivers/STM32F0xx_HAL_Driver/Src/stm32f0xx_hal_uart.o
                0x00000000080034ec                UART_WaitOnFlagUntilTimeout
 .text.__libc_init_array
                0x0000000008003674       0x48 c:/st/stm32cubeide_1.9.0/stm32cubeide/plugins/com.st.stm32cube.ide.mcu.externaltools.gnu-tools-for-stm32.10.3-2021.10.win32_1.0.0.202111181127/tools/bin/../lib/gcc/arm-none-eabi/10.3.1/../../../../arm-none-eabi/lib/thumb/v6-m/nofp\libc_nano.a(lib_a-init.o)
                0x0000000008003674                __libc_init_array
 .text.memset   0x00000000080036bc       0x10 c:/st/stm32cubeide_1.9.0/stm32cubeide/plugins/com.st.stm32cube.ide.mcu.externaltools.gnu-tools-for-stm32.10.3-2021.10.win32_1.0.0.202111181127/tools/bin/../lib/gcc/arm-none-eabi/10.3.1/../../../../arm-none-eabi/lib/thumb/v6-m/nofp\libc_nano.a(lib_a-memset.o)
                0x00000000080036bc                memset
 *(.glue_7)
 .glue_7        0x00000000080036cc        0x0 linker stubs
 *(.glue_7t)
 .glue_7t       0x00000000080036cc        0x0 linker stubs
 *(.eh_frame)
 .eh_frame      0x00000000080036cc        0x0 c:/st/stm32cubeide_1.9.0/stm32cubeide/plugins/com.st.stm32cube.ide.mcu.externaltools.gnu-tools-for-stm32.10.3-2021.10.win32_1.0.0.202111181127/tools/bin/../lib/gcc/arm-none-eabi/10.3.1/thumb/v6-m/nofp/crtbegin.o
 *(.init)
 .init          0x00000000080036cc        0x4 c:/st/stm32cubeide_1.9.0/stm32cubeide/plugins/com.st.stm32cube.ide.mcu.externaltools.gnu-tools-for-stm32.10.3-2021.10.win32_1.0.0.202111181127/tools/bin/../lib/gcc/arm-none-eabi/10.3.1/thumb/v6-m/nofp/crti.o
                0x00000000080036cc                _init
 .init          0x00000000080036d0        0x8 c:/st/stm32cubeide_1.9.0/stm32cubeide/plugins/com.st.stm32cube.ide.mcu.externaltools.gnu-tools-for-stm32.10.3-2021.10.win32_1.0.0.202111181127/tools/bin/../lib/gcc/arm-none-eabi/10.3.1/thumb/v6-m/nofp/crtn.o
 *(.fini)
 .fini          0x00000000080036d8        0x4 c:/st/stm32cubeide_1.9.0/stm32cubeide/plugins/com.st.stm32cube.ide.mcu.externaltools.gnu-tools-for-stm32.10.3-2021.10.win32_1.0.0.202111181127/tools/bin/../lib/gcc/arm-none-eabi/10.3.1/thumb/v6-m/nofp/crti.o
                0x00000000080036d8                _fini
 .fini          0x00000000080036dc        0x8 c:/st/stm32cubeide_1.9.0/stm32cubeide/plugins/com.st.stm32cube.ide.mcu.externaltools.gnu-tools-for-stm32.10.3-2021.10.win32_1.0.0.202111181127/tools/bin/../lib/gcc/arm-none-eabi/10.3.1/thumb/v6-m/nofp/crtn.o
                0x00000000080036e4                . = ALIGN (0x4)
                0x00000000080036e4                _etext = .

.vfp11_veneer   0x00000000080036e4        0x0
 .vfp11_veneer  0x00000000080036e4        0x0 linker stubs

.v4_bx          0x00000000080036e4        0x0
 .v4_bx         0x00000000080036e4        0x0 linker stubs

.iplt           0x00000000080036e4        0x0
 .iplt          0x00000000080036e4        0x0 c:/st/stm32cubeide_1.9.0/stm32cubeide/plugins/com.st.stm32cube.ide.mcu.externaltools.gnu-tools-for-stm32.10.3-2021.10.win32_1.0.0.202111181127/tools/bin/../lib/gcc/arm-none-eabi/10.3.1/thumb/v6-m/nofp/crtbegin.o

.rodata         0x00000000080036e4       0x50
                0x00000000080036e4                . = ALIGN (0x4)
 *(.rodata)
 .rodata        0x00000000080036e4       0x15 ./Core/Src/main.o
 *fill*         0x00000000080036f9        0x3 
 .rodata        0x00000000080036fc       0x20 ./Drivers/STM32F0xx_HAL_Driver/Src/stm32f0xx_hal_rcc.o
 *(.rodata*)
 .rodata.AHBPrescTable
                0x000000000800371c       0x10 ./Core/Src/system_stm32f0xx.o
                0x000000000800371c                AHBPrescTable
 .rodata.APBPrescTable
                0x000000000800372c        0x8 ./Core/Src/system_stm32f0xx.o
                0x000000000800372c                APBPrescTable
                0x0000000008003734                . = ALIGN (0x4)

.rel.dyn        0x0000000008003734        0x0
 .rel.iplt      0x0000000008003734        0x0 c:/st/stm32cubeide_1.9.0/stm32cubeide/plugins/com.st.stm32cube.ide.mcu.externaltools.gnu-tools-for-stm32.10.3-2021.10.win32_1.0.0.202111181127/tools/bin/../lib/gcc/arm-none-eabi/10.3.1/thumb/v6-m/nofp/crtbegin.o

.ARM.extab      0x0000000008003734        0x0
                0x0000000008003734                . = ALIGN (0x4)
 *(.ARM.extab* .gnu.linkonce.armextab.*)
                0x0000000008003734                . = ALIGN (0x4)

.ARM            0x0000000008003734        0x0
                0x0000000008003734                . = ALIGN (0x4)
                0x0000000008003734                __exidx_start = .
 *(.ARM.exidx*)
                0x0000000008003734                __exidx_end = .
                0x0000000008003734                . = ALIGN (0x4)

.preinit_array  0x0000000008003734        0x0
                0x0000000008003734                . = ALIGN (0x4)
                0x0000000008003734                PROVIDE (__preinit_array_start = .)
 *(.preinit_array*)
                0x0000000008003734                PROVIDE (__preinit_array_end = .)
                0x0000000008003734                . = ALIGN (0x4)

.init_array     0x0000000008003734        0x4
                0x0000000008003734                . = ALIGN (0x4)
                0x0000000008003734                PROVIDE (__init_array_start = .)
 *(SORT_BY_NAME(.init_array.*))
 *(.init_array*)
 .init_array    0x0000000008003734        0x4 c:/st/stm32cubeide_1.9.0/stm32cubeide/plugins/com.st.stm32cube.ide.mcu.externaltools.gnu-tools-for-stm32.10.3-2021.10.win32_1.0.0.202111181127/tools/bin/../lib/gcc/arm-none-eabi/10.3.1/thumb/v6-m/nofp/crtbegin.o
                0x0000000008003738                PROVIDE (__init_array_end = .)
                0x0000000008003738                . = ALIGN (0x4)

.fini_array     0x0000000008003738        0x4
                0x0000000008003738                . = ALIGN (0x4)
                [!provide]                        PROVIDE (__fini_array_start = .)
 *(SORT_BY_NAME(.fini_array.*))
 *(.fini_array*)
 .fini_array    0x0000000008003738        0x4 c:/st/stm32cubeide_1.9.0/stm32cubeide/plugins/com.st.stm32cube.ide.mcu.externaltools.gnu-tools-for-stm32.10.3-2021.10.win32_1.0.0.202111181127/tools/bin/../lib/gcc/arm-none-eabi/10.3.1/thumb/v6-m/nofp/crtbegin.o
                [!provide]                        PROVIDE (__fini_array_end = .)
                0x000000000800373c                . = ALIGN (0x4)
                0x000000000800373c                _sidata = LOADADDR (.data)

.data           0x0000000020000000       0xe8 load address 0x000000000800373c
                0x0000000020000000                . = ALIGN (0x4)
                0x0000000020000000                _sdata = .
 *(.data)
 *(.data*)
 .data.toWrite1
                0x0000000020000000       0x2a ./Core/Src/main.o
                0x0000000020000000                toWrite1
 *fill*         0x000000002000002a        0x2 
 .data.toWrite2
                0x000000002000002c       0x2a ./Core/Src/main.o
                0x000000002000002c                toWrite2
 *fill*         0x0000000020000056        0x2 
 .data.toWrite3
                0x0000000020000058       0x2a ./Core/Src/main.o
                0x0000000020000058                toWrite3
 *fill*         0x0000000020000082        0x2 
 .data.toWrite4
                0x0000000020000084       0x2a ./Core/Src/main.o
                0x0000000020000084                toWrite4
 *fill*         0x00000000200000ae        0x2 
 .data.toWrite5
                0x00000000200000b0       0x2a ./Core/Src/main.o
                0x00000000200000b0                toWrite5
 *fill*         0x00000000200000da        0x2 
 .data.SystemCoreClock
                0x00000000200000dc        0x4 ./Core/Src/system_stm32f0xx.o
                0x00000000200000dc                SystemCoreClock
 .data.uwTickPrio
                0x00000000200000e0        0x4 ./Drivers/STM32F0xx_HAL_Driver/Src/stm32f0xx_hal.o
                0x00000000200000e0                uwTickPrio
 .data.uwTickFreq
                0x00000000200000e4        0x1 ./Drivers/STM32F0xx_HAL_Driver/Src/stm32f0xx_hal.o
                0x00000000200000e4                uwTickFreq
 *(.RamFunc)
 *(.RamFunc*)
                0x00000000200000e8                . = ALIGN (0x4)
 *fill*         0x00000000200000e5        0x3 
                0x00000000200000e8                _edata = .

.igot.plt       0x00000000200000e8        0x0 load address 0x0000000008003824
 .igot.plt      0x00000000200000e8        0x0 c:/st/stm32cubeide_1.9.0/stm32cubeide/plugins/com.st.stm32cube.ide.mcu.externaltools.gnu-tools-for-stm32.10.3-2021.10.win32_1.0.0.202111181127/tools/bin/../lib/gcc/arm-none-eabi/10.3.1/thumb/v6-m/nofp/crtbegin.o
                0x00000000200000e8                . = ALIGN (0x4)

.bss            0x00000000200000e8      0x180 load address 0x0000000008003824
                0x00000000200000e8                _sbss = .
                0x00000000200000e8                __bss_start__ = _sbss
 *(.bss)
 .bss           0x00000000200000e8       0x1c c:/st/stm32cubeide_1.9.0/stm32cubeide/plugins/com.st.stm32cube.ide.mcu.externaltools.gnu-tools-for-stm32.10.3-2021.10.win32_1.0.0.202111181127/tools/bin/../lib/gcc/arm-none-eabi/10.3.1/thumb/v6-m/nofp/crtbegin.o
 *(.bss*)
 .bss.hadc      0x0000000020000104       0x40 ./Core/Src/main.o
                0x0000000020000104                hadc
 .bss.hi2c2     0x0000000020000144       0x4c ./Core/Src/main.o
                0x0000000020000144                hi2c2
 .bss.huart2    0x0000000020000190       0x84 ./Core/Src/main.o
                0x0000000020000190                huart2
 .bss.toRead1   0x0000000020000214       0x10 ./Core/Src/main.o
                0x0000000020000214                toRead1
 .bss.toRead2   0x0000000020000224       0x10 ./Core/Src/main.o
                0x0000000020000224                toRead2
 .bss.toRead3   0x0000000020000234       0x10 ./Core/Src/main.o
                0x0000000020000234                toRead3
 .bss.toRead4   0x0000000020000244       0x10 ./Core/Src/main.o
                0x0000000020000244                toRead4
 .bss.toRead5   0x0000000020000254       0x10 ./Core/Src/main.o
                0x0000000020000254                toRead5
 .bss.uwTick    0x0000000020000264        0x4 ./Drivers/STM32F0xx_HAL_Driver/Src/stm32f0xx_hal.o
                0x0000000020000264                uwTick
 *(COMMON)
                0x0000000020000268                . = ALIGN (0x4)
                0x0000000020000268                _ebss = .
                0x0000000020000268                __bss_end__ = _ebss

._user_heap_stack
                0x0000000020000268      0x600 load address 0x0000000008003824
                0x0000000020000268                . = ALIGN (0x8)
                [!provide]                        PROVIDE (end = .)
                0x0000000020000268                PROVIDE (_end = .)
                0x0000000020000468                . = (. + _Min_Heap_Size)
 *fill*         0x0000000020000268      0x200 
                0x0000000020000868                . = (. + _Min_Stack_Size)
 *fill*         0x0000000020000468      0x400 
                0x0000000020000868                . = ALIGN (0x8)

/DISCARD/
 libc.a(*)
 libm.a(*)
 libgcc.a(*)

.ARM.attributes
                0x0000000000000000       0x28
 *(.ARM.attributes)
 .ARM.attributes
                0x0000000000000000       0x1e c:/st/stm32cubeide_1.9.0/stm32cubeide/plugins/com.st.stm32cube.ide.mcu.externaltools.gnu-tools-for-stm32.10.3-2021.10.win32_1.0.0.202111181127/tools/bin/../lib/gcc/arm-none-eabi/10.3.1/thumb/v6-m/nofp/crti.o
 .ARM.attributes
                0x000000000000001e       0x2c c:/st/stm32cubeide_1.9.0/stm32cubeide/plugins/com.st.stm32cube.ide.mcu.externaltools.gnu-tools-for-stm32.10.3-2021.10.win32_1.0.0.202111181127/tools/bin/../lib/gcc/arm-none-eabi/10.3.1/thumb/v6-m/nofp/crtbegin.o
 .ARM.attributes
                0x000000000000004a       0x2c ./Core/Src/main.o
 .ARM.attributes
                0x0000000000000076       0x2c ./Core/Src/stm32f0xx_hal_msp.o
 .ARM.attributes
                0x00000000000000a2       0x2c ./Core/Src/stm32f0xx_it.o
 .ARM.attributes
                0x00000000000000ce       0x2c ./Core/Src/system_stm32f0xx.o
 .ARM.attributes
                0x00000000000000fa       0x21 ./Core/Startup/startup_stm32f051r8tx.o
 .ARM.attributes
                0x000000000000011b       0x2c ./Drivers/STM32F0xx_HAL_Driver/Src/stm32f0xx_hal.o
 .ARM.attributes
                0x0000000000000147       0x2c ./Drivers/STM32F0xx_HAL_Driver/Src/stm32f0xx_hal_adc.o
 .ARM.attributes
                0x0000000000000173       0x2c ./Drivers/STM32F0xx_HAL_Driver/Src/stm32f0xx_hal_cortex.o
 .ARM.attributes
                0x000000000000019f       0x2c ./Drivers/STM32F0xx_HAL_Driver/Src/stm32f0xx_hal_gpio.o
 .ARM.attributes
                0x00000000000001cb       0x2c ./Drivers/STM32F0xx_HAL_Driver/Src/stm32f0xx_hal_i2c.o
 .ARM.attributes
                0x00000000000001f7       0x2c ./Drivers/STM32F0xx_HAL_Driver/Src/stm32f0xx_hal_i2c_ex.o
 .ARM.attributes
                0x0000000000000223       0x2c ./Drivers/STM32F0xx_HAL_Driver/Src/stm32f0xx_hal_rcc.o
 .ARM.attributes
                0x000000000000024f       0x2c ./Drivers/STM32F0xx_HAL_Driver/Src/stm32f0xx_hal_uart.o
 .ARM.attributes
                0x000000000000027b       0x2c c:/st/stm32cubeide_1.9.0/stm32cubeide/plugins/com.st.stm32cube.ide.mcu.externaltools.gnu-tools-for-stm32.10.3-2021.10.win32_1.0.0.202111181127/tools/bin/../lib/gcc/arm-none-eabi/10.3.1/../../../../arm-none-eabi/lib/thumb/v6-m/nofp\libc_nano.a(lib_a-init.o)
 .ARM.attributes
                0x00000000000002a7       0x2c c:/st/stm32cubeide_1.9.0/stm32cubeide/plugins/com.st.stm32cube.ide.mcu.externaltools.gnu-tools-for-stm32.10.3-2021.10.win32_1.0.0.202111181127/tools/bin/../lib/gcc/arm-none-eabi/10.3.1/../../../../arm-none-eabi/lib/thumb/v6-m/nofp\libc_nano.a(lib_a-memset.o)
 .ARM.attributes
                0x00000000000002d3       0x1c c:/st/stm32cubeide_1.9.0/stm32cubeide/plugins/com.st.stm32cube.ide.mcu.externaltools.gnu-tools-for-stm32.10.3-2021.10.win32_1.0.0.202111181127/tools/bin/../lib/gcc/arm-none-eabi/10.3.1/../../../../arm-none-eabi/lib/thumb/v6-m/nofp\libc_nano.a(lib_a-strlen.o)
 .ARM.attributes
                0x00000000000002ef       0x1e c:/st/stm32cubeide_1.9.0/stm32cubeide/plugins/com.st.stm32cube.ide.mcu.externaltools.gnu-tools-for-stm32.10.3-2021.10.win32_1.0.0.202111181127/tools/bin/../lib/gcc/arm-none-eabi/10.3.1/thumb/v6-m/nofp\libgcc.a(_udivsi3.o)
 .ARM.attributes
                0x000000000000030d       0x1e c:/st/stm32cubeide_1.9.0/stm32cubeide/plugins/com.st.stm32cube.ide.mcu.externaltools.gnu-tools-for-stm32.10.3-2021.10.win32_1.0.0.202111181127/tools/bin/../lib/gcc/arm-none-eabi/10.3.1/thumb/v6-m/nofp\libgcc.a(_dvmd_tls.o)
 .ARM.attributes
                0x000000000000032b       0x1e c:/st/stm32cubeide_1.9.0/stm32cubeide/plugins/com.st.stm32cube.ide.mcu.externaltools.gnu-tools-for-stm32.10.3-2021.10.win32_1.0.0.202111181127/tools/bin/../lib/gcc/arm-none-eabi/10.3.1/thumb/v6-m/nofp/crtn.o
OUTPUT(fn.elf elf32-littlearm)
LOAD linker stubs
LOAD c:/st/stm32cubeide_1.9.0/stm32cubeide/plugins/com.st.stm32cube.ide.mcu.externaltools.gnu-tools-for-stm32.10.3-2021.10.win32_1.0.0.202111181127/tools/bin/../lib/gcc/arm-none-eabi/10.3.1/../../../../arm-none-eabi/lib/thumb/v6-m/nofp\libc.a
LOAD c:/st/stm32cubeide_1.9.0/stm32cubeide/plugins/com.st.stm32cube.ide.mcu.externaltools.gnu-tools-for-stm32.10.3-2021.10.win32_1.0.0.202111181127/tools/bin/../lib/gcc/arm-none-eabi/10.3.1/../../../../arm-none-eabi/lib/thumb/v6-m/nofp\libm.a
LOAD c:/st/stm32cubeide_1.9.0/stm32cubeide/plugins/com.st.stm32cube.ide.mcu.externaltools.gnu-tools-for-stm32.10.3-2021.10.win32_1.0.0.202111181127/tools/bin/../lib/gcc/arm-none-eabi/10.3.1/thumb/v6-m/nofp\libgcc.a

.debug_info     0x0000000000000000     0xb6a8
 .debug_info    0x0000000000000000     0x141c ./Core/Src/main.o
 .debug_info    0x000000000000141c      0xf96 ./Core/Src/stm32f0xx_hal_msp.o
 .debug_info    0x00000000000023b2       0xda ./Core/Src/stm32f0xx_it.o
 .debug_info    0x000000000000248c      0x269 ./Core/Src/system_stm32f0xx.o
 .debug_info    0x00000000000026f5       0x22 ./Core/Startup/startup_stm32f051r8tx.o
 .debug_info    0x0000000000002717      0x6de ./Drivers/STM32F0xx_HAL_Driver/Src/stm32f0xx_hal.o
 .debug_info    0x0000000000002df5      0xcf3 ./Drivers/STM32F0xx_HAL_Driver/Src/stm32f0xx_hal_adc.o
 .debug_info    0x0000000000003ae8      0x711 ./Drivers/STM32F0xx_HAL_Driver/Src/stm32f0xx_hal_cortex.o
 .debug_info    0x00000000000041f9      0x621 ./Drivers/STM32F0xx_HAL_Driver/Src/stm32f0xx_hal_gpio.o
 .debug_info    0x000000000000481a     0x2149 ./Drivers/STM32F0xx_HAL_Driver/Src/stm32f0xx_hal_i2c.o
 .debug_info    0x0000000000006963      0x89a ./Drivers/STM32F0xx_HAL_Driver/Src/stm32f0xx_hal_i2c_ex.o
 .debug_info    0x00000000000071fd      0x89f ./Drivers/STM32F0xx_HAL_Driver/Src/stm32f0xx_hal_rcc.o
 .debug_info    0x0000000000007a9c     0x3c0c ./Drivers/STM32F0xx_HAL_Driver/Src/stm32f0xx_hal_uart.o

.debug_abbrev   0x0000000000000000     0x17ce
 .debug_abbrev  0x0000000000000000      0x2b0 ./Core/Src/main.o
 .debug_abbrev  0x00000000000002b0      0x19f ./Core/Src/stm32f0xx_hal_msp.o
 .debug_abbrev  0x000000000000044f       0x74 ./Core/Src/stm32f0xx_it.o
 .debug_abbrev  0x00000000000004c3      0x116 ./Core/Src/system_stm32f0xx.o
 .debug_abbrev  0x00000000000005d9       0x12 ./Core/Startup/startup_stm32f051r8tx.o
 .debug_abbrev  0x00000000000005eb      0x23f ./Drivers/STM32F0xx_HAL_Driver/Src/stm32f0xx_hal.o
 .debug_abbrev  0x000000000000082a      0x203 ./Drivers/STM32F0xx_HAL_Driver/Src/stm32f0xx_hal_adc.o
 .debug_abbrev  0x0000000000000a2d      0x283 ./Drivers/STM32F0xx_HAL_Driver/Src/stm32f0xx_hal_cortex.o
 .debug_abbrev  0x0000000000000cb0      0x1bb ./Drivers/STM32F0xx_HAL_Driver/Src/stm32f0xx_hal_gpio.o
 .debug_abbrev  0x0000000000000e6b      0x254 ./Drivers/STM32F0xx_HAL_Driver/Src/stm32f0xx_hal_i2c.o
 .debug_abbrev  0x00000000000010bf      0x1c1 ./Drivers/STM32F0xx_HAL_Driver/Src/stm32f0xx_hal_i2c_ex.o
 .debug_abbrev  0x0000000000001280      0x283 ./Drivers/STM32F0xx_HAL_Driver/Src/stm32f0xx_hal_rcc.o
 .debug_abbrev  0x0000000000001503      0x2cb ./Drivers/STM32F0xx_HAL_Driver/Src/stm32f0xx_hal_uart.o

.debug_aranges  0x0000000000000000      0x998
 .debug_aranges
                0x0000000000000000       0x58 ./Core/Src/main.o
 .debug_aranges
                0x0000000000000058       0x50 ./Core/Src/stm32f0xx_hal_msp.o
 .debug_aranges
                0x00000000000000a8       0x40 ./Core/Src/stm32f0xx_it.o
 .debug_aranges
                0x00000000000000e8       0x28 ./Core/Src/system_stm32f0xx.o
 .debug_aranges
                0x0000000000000110       0x28 ./Core/Startup/startup_stm32f051r8tx.o
 .debug_aranges
                0x0000000000000138       0xd0 ./Drivers/STM32F0xx_HAL_Driver/Src/stm32f0xx_hal.o
 .debug_aranges
                0x0000000000000208       0xf8 ./Drivers/STM32F0xx_HAL_Driver/Src/stm32f0xx_hal_adc.o
 .debug_aranges
                0x0000000000000300       0xc0 ./Drivers/STM32F0xx_HAL_Driver/Src/stm32f0xx_hal_cortex.o
 .debug_aranges
                0x00000000000003c0       0x58 ./Drivers/STM32F0xx_HAL_Driver/Src/stm32f0xx_hal_gpio.o
 .debug_aranges
                0x0000000000000418      0x290 ./Drivers/STM32F0xx_HAL_Driver/Src/stm32f0xx_hal_i2c.o
 .debug_aranges
                0x00000000000006a8       0x48 ./Drivers/STM32F0xx_HAL_Driver/Src/stm32f0xx_hal_i2c_ex.o
 .debug_aranges
                0x00000000000006f0       0x80 ./Drivers/STM32F0xx_HAL_Driver/Src/stm32f0xx_hal_rcc.o
 .debug_aranges
                0x0000000000000770      0x228 ./Drivers/STM32F0xx_HAL_Driver/Src/stm32f0xx_hal_uart.o

.debug_ranges   0x0000000000000000      0x900
 .debug_ranges  0x0000000000000000       0x48 ./Core/Src/main.o
 .debug_ranges  0x0000000000000048       0x40 ./Core/Src/stm32f0xx_hal_msp.o
 .debug_ranges  0x0000000000000088       0x30 ./Core/Src/stm32f0xx_it.o
 .debug_ranges  0x00000000000000b8       0x18 ./Core/Src/system_stm32f0xx.o
 .debug_ranges  0x00000000000000d0       0x20 ./Core/Startup/startup_stm32f051r8tx.o
 .debug_ranges  0x00000000000000f0       0xc0 ./Drivers/STM32F0xx_HAL_Driver/Src/stm32f0xx_hal.o
 .debug_ranges  0x00000000000001b0       0xe8 ./Drivers/STM32F0xx_HAL_Driver/Src/stm32f0xx_hal_adc.o
 .debug_ranges  0x0000000000000298       0xb0 ./Drivers/STM32F0xx_HAL_Driver/Src/stm32f0xx_hal_cortex.o
 .debug_ranges  0x0000000000000348       0x48 ./Drivers/STM32F0xx_HAL_Driver/Src/stm32f0xx_hal_gpio.o
 .debug_ranges  0x0000000000000390      0x280 ./Drivers/STM32F0xx_HAL_Driver/Src/stm32f0xx_hal_i2c.o
 .debug_ranges  0x0000000000000610       0x38 ./Drivers/STM32F0xx_HAL_Driver/Src/stm32f0xx_hal_i2c_ex.o
 .debug_ranges  0x0000000000000648       0x70 ./Drivers/STM32F0xx_HAL_Driver/Src/stm32f0xx_hal_rcc.o
 .debug_ranges  0x00000000000006b8      0x248 ./Drivers/STM32F0xx_HAL_Driver/Src/stm32f0xx_hal_uart.o

.debug_macro    0x0000000000000000    0x11f84
 .debug_macro   0x0000000000000000      0x336 ./Core/Src/main.o
 .debug_macro   0x0000000000000336      0xa54 ./Core/Src/main.o
 .debug_macro   0x0000000000000d8a      0x133 ./Core/Src/main.o
 .debug_macro   0x0000000000000ebd       0x2e ./Core/Src/main.o
 .debug_macro   0x0000000000000eeb       0x22 ./Core/Src/main.o
 .debug_macro   0x0000000000000f0d       0x22 ./Core/Src/main.o
 .debug_macro   0x0000000000000f2f       0x8e ./Core/Src/main.o
 .debug_macro   0x0000000000000fbd       0x51 ./Core/Src/main.o
 .debug_macro   0x000000000000100e      0x103 ./Core/Src/main.o
 .debug_macro   0x0000000000001111       0x6a ./Core/Src/main.o
 .debug_macro   0x000000000000117b      0x1df ./Core/Src/main.o
 .debug_macro   0x000000000000135a       0x1c ./Core/Src/main.o
 .debug_macro   0x0000000000001376       0x22 ./Core/Src/main.o
 .debug_macro   0x0000000000001398       0xaf ./Core/Src/main.o
 .debug_macro   0x0000000000001447      0x391 ./Core/Src/main.o
 .debug_macro   0x00000000000017d8     0x8ce4 ./Core/Src/main.o
 .debug_macro   0x000000000000a4bc       0x66 ./Core/Src/main.o
 .debug_macro   0x000000000000a522     0x34a6 ./Core/Src/main.o
 .debug_macro   0x000000000000d9c8      0x174 ./Core/Src/main.o
 .debug_macro   0x000000000000db3c       0x55 ./Core/Src/main.o
 .debug_macro   0x000000000000db91      0x924 ./Core/Src/main.o
 .debug_macro   0x000000000000e4b5      0x251 ./Core/Src/main.o
 .debug_macro   0x000000000000e706      0x1af ./Core/Src/main.o
 .debug_macro   0x000000000000e8b5      0x114 ./Core/Src/main.o
 .debug_macro   0x000000000000e9c9      0x1a0 ./Core/Src/main.o
 .debug_macro   0x000000000000eb69      0x1ed ./Core/Src/main.o
 .debug_macro   0x000000000000ed56       0x34 ./Core/Src/main.o
 .debug_macro   0x000000000000ed8a       0x43 ./Core/Src/main.o
 .debug_macro   0x000000000000edcd       0x28 ./Core/Src/main.o
 .debug_macro   0x000000000000edf5      0x33d ./Core/Src/main.o
 .debug_macro   0x000000000000f132       0xd4 ./Core/Src/main.o
 .debug_macro   0x000000000000f206       0xb0 ./Core/Src/main.o
 .debug_macro   0x000000000000f2b6      0x199 ./Core/Src/main.o
 .debug_macro   0x000000000000f44f      0x22c ./Core/Src/main.o
 .debug_macro   0x000000000000f67b       0x61 ./Core/Src/main.o
 .debug_macro   0x000000000000f6dc       0xa5 ./Core/Src/main.o
 .debug_macro   0x000000000000f781       0x4c ./Core/Src/main.o
 .debug_macro   0x000000000000f7cd      0x112 ./Core/Src/main.o
 .debug_macro   0x000000000000f8df      0x5a5 ./Core/Src/main.o
 .debug_macro   0x000000000000fe84       0x3e ./Core/Src/main.o
 .debug_macro   0x000000000000fec2      0x114 ./Core/Src/main.o
 .debug_macro   0x000000000000ffd6       0x40 ./Core/Src/main.o
 .debug_macro   0x0000000000010016       0x52 ./Core/Src/main.o
 .debug_macro   0x0000000000010068       0x18 ./Core/Src/main.o
 .debug_macro   0x0000000000010080       0x3c ./Core/Src/main.o
 .debug_macro   0x00000000000100bc       0x34 ./Core/Src/main.o
 .debug_macro   0x00000000000100f0       0x16 ./Core/Src/main.o
 .debug_macro   0x0000000000010106       0x35 ./Core/Src/main.o
 .debug_macro   0x000000000001013b      0x341 ./Core/Src/main.o
 .debug_macro   0x000000000001047c       0x10 ./Core/Src/main.o
 .debug_macro   0x000000000001048c       0x16 ./Core/Src/main.o
 .debug_macro   0x00000000000104a2       0x43 ./Core/Src/main.o
 .debug_macro   0x00000000000104e5       0x34 ./Core/Src/main.o
 .debug_macro   0x0000000000010519       0x10 ./Core/Src/main.o
 .debug_macro   0x0000000000010529       0x58 ./Core/Src/main.o
 .debug_macro   0x0000000000010581       0x71 ./Core/Src/main.o
 .debug_macro   0x00000000000105f2       0x1c ./Core/Src/main.o
 .debug_macro   0x000000000001060e      0x12a ./Core/Src/main.o
 .debug_macro   0x0000000000010738       0x10 ./Core/Src/main.o
 .debug_macro   0x0000000000010748       0x1c ./Core/Src/main.o
 .debug_macro   0x0000000000010764       0x52 ./Core/Src/main.o
 .debug_macro   0x00000000000107b6       0x22 ./Core/Src/main.o
 .debug_macro   0x00000000000107d8       0x10 ./Core/Src/main.o
 .debug_macro   0x00000000000107e8       0x52 ./Core/Src/main.o
 .debug_macro   0x000000000001083a       0xd5 ./Core/Src/main.o
 .debug_macro   0x000000000001090f       0x1c ./Core/Src/main.o
 .debug_macro   0x000000000001092b       0x3d ./Core/Src/main.o
 .debug_macro   0x0000000000010968       0x16 ./Core/Src/main.o
 .debug_macro   0x000000000001097e      0x145 ./Core/Src/main.o
 .debug_macro   0x0000000000010ac3      0x1d1 ./Core/Src/stm32f0xx_hal_msp.o
 .debug_macro   0x0000000000010c94      0x1db ./Core/Src/stm32f0xx_it.o
 .debug_macro   0x0000000000010e6f      0x1c2 ./Core/Src/system_stm32f0xx.o
 .debug_macro   0x0000000000011031      0x1e6 ./Drivers/STM32F0xx_HAL_Driver/Src/stm32f0xx_hal.o
 .debug_macro   0x0000000000011217      0x1e6 ./Drivers/STM32F0xx_HAL_Driver/Src/stm32f0xx_hal_adc.o
 .debug_macro   0x00000000000113fd      0x1c2 ./Drivers/STM32F0xx_HAL_Driver/Src/stm32f0xx_hal_cortex.o
 .debug_macro   0x00000000000115bf      0x1c9 ./Drivers/STM32F0xx_HAL_Driver/Src/stm32f0xx_hal_gpio.o
 .debug_macro   0x0000000000011788      0x287 ./Drivers/STM32F0xx_HAL_Driver/Src/stm32f0xx_hal_i2c.o
 .debug_macro   0x0000000000011a0f      0x1c2 ./Drivers/STM32F0xx_HAL_Driver/Src/stm32f0xx_hal_i2c_ex.o
 .debug_macro   0x0000000000011bd1      0x1d4 ./Drivers/STM32F0xx_HAL_Driver/Src/stm32f0xx_hal_rcc.o
 .debug_macro   0x0000000000011da5      0x1df ./Drivers/STM32F0xx_HAL_Driver/Src/stm32f0xx_hal_uart.o

.debug_line     0x0000000000000000     0xc639
 .debug_line    0x0000000000000000      0xac7 ./Core/Src/main.o
 .debug_line    0x0000000000000ac7      0x7b5 ./Core/Src/stm32f0xx_hal_msp.o
 .debug_line    0x000000000000127c      0x738 ./Core/Src/stm32f0xx_it.o
 .debug_line    0x00000000000019b4      0x743 ./Core/Src/system_stm32f0xx.o
 .debug_line    0x00000000000020f7       0x89 ./Core/Startup/startup_stm32f051r8tx.o
 .debug_line    0x0000000000002180      0x94e ./Drivers/STM32F0xx_HAL_Driver/Src/stm32f0xx_hal.o
 .debug_line    0x0000000000002ace     0x1194 ./Drivers/STM32F0xx_HAL_Driver/Src/stm32f0xx_hal_adc.o
 .debug_line    0x0000000000003c62      0x9fa ./Drivers/STM32F0xx_HAL_Driver/Src/stm32f0xx_hal_cortex.o
 .debug_line    0x000000000000465c      0xacb ./Drivers/STM32F0xx_HAL_Driver/Src/stm32f0xx_hal_gpio.o
 .debug_line    0x0000000000005127     0x329e ./Drivers/STM32F0xx_HAL_Driver/Src/stm32f0xx_hal_i2c.o
 .debug_line    0x00000000000083c5      0x8f1 ./Drivers/STM32F0xx_HAL_Driver/Src/stm32f0xx_hal_i2c_ex.o
 .debug_line    0x0000000000008cb6      0xd3a ./Drivers/STM32F0xx_HAL_Driver/Src/stm32f0xx_hal_rcc.o
 .debug_line    0x00000000000099f0     0x2c49 ./Drivers/STM32F0xx_HAL_Driver/Src/stm32f0xx_hal_uart.o

.debug_str      0x0000000000000000    0x6c642
 .debug_str     0x0000000000000000    0x6a0b3 ./Core/Src/main.o
                                      0x6a4a4 (size before relaxing)
 .debug_str     0x000000000006a0b3       0xaf ./Core/Src/stm32f0xx_hal_msp.o
                                      0x66411 (size before relaxing)
 .debug_str     0x000000000006a162       0x82 ./Core/Src/stm32f0xx_it.o
                                      0x65aae (size before relaxing)
 .debug_str     0x000000000006a1e4       0x8b ./Core/Src/system_stm32f0xx.o
                                      0x65a5b (size before relaxing)
 .debug_str     0x000000000006a26f       0x36 ./Core/Startup/startup_stm32f051r8tx.o
                                         0x6d (size before relaxing)
 .debug_str     0x000000000006a2a5      0x4e0 ./Drivers/STM32F0xx_HAL_Driver/Src/stm32f0xx_hal.o
                                      0x6601e (size before relaxing)
 .debug_str     0x000000000006a785      0x33a ./Drivers/STM32F0xx_HAL_Driver/Src/stm32f0xx_hal_adc.o
                                      0x66158 (size before relaxing)
 .debug_str     0x000000000006aabf      0x1aa ./Drivers/STM32F0xx_HAL_Driver/Src/stm32f0xx_hal_cortex.o
                                      0x65e0f (size before relaxing)
 .debug_str     0x000000000006ac69       0xfa ./Drivers/STM32F0xx_HAL_Driver/Src/stm32f0xx_hal_gpio.o
                                      0x65bfc (size before relaxing)
 .debug_str     0x000000000006ad63      0xdae ./Drivers/STM32F0xx_HAL_Driver/Src/stm32f0xx_hal_i2c.o
                                      0x66d22 (size before relaxing)
 .debug_str     0x000000000006bb11       0xb8 ./Drivers/STM32F0xx_HAL_Driver/Src/stm32f0xx_hal_i2c_ex.o
                                      0x65fcd (size before relaxing)
 .debug_str     0x000000000006bbc9      0x20f ./Drivers/STM32F0xx_HAL_Driver/Src/stm32f0xx_hal_rcc.o
                                      0x65e97 (size before relaxing)
 .debug_str     0x000000000006bdd8      0x86a ./Drivers/STM32F0xx_HAL_Driver/Src/stm32f0xx_hal_uart.o
                                      0x66797 (size before relaxing)

.comment        0x0000000000000000       0x50
 .comment       0x0000000000000000       0x50 ./Core/Src/main.o
                                         0x51 (size before relaxing)
 .comment       0x0000000000000050       0x51 ./Core/Src/stm32f0xx_hal_msp.o
 .comment       0x0000000000000050       0x51 ./Core/Src/stm32f0xx_it.o
 .comment       0x0000000000000050       0x51 ./Core/Src/system_stm32f0xx.o
 .comment       0x0000000000000050       0x51 ./Drivers/STM32F0xx_HAL_Driver/Src/stm32f0xx_hal.o
 .comment       0x0000000000000050       0x51 ./Drivers/STM32F0xx_HAL_Driver/Src/stm32f0xx_hal_adc.o
 .comment       0x0000000000000050       0x51 ./Drivers/STM32F0xx_HAL_Driver/Src/stm32f0xx_hal_cortex.o
 .comment       0x0000000000000050       0x51 ./Drivers/STM32F0xx_HAL_Driver/Src/stm32f0xx_hal_gpio.o
 .comment       0x0000000000000050       0x51 ./Drivers/STM32F0xx_HAL_Driver/Src/stm32f0xx_hal_i2c.o
 .comment       0x0000000000000050       0x51 ./Drivers/STM32F0xx_HAL_Driver/Src/stm32f0xx_hal_i2c_ex.o
 .comment       0x0000000000000050       0x51 ./Drivers/STM32F0xx_HAL_Driver/Src/stm32f0xx_hal_rcc.o
 .comment       0x0000000000000050       0x51 ./Drivers/STM32F0xx_HAL_Driver/Src/stm32f0xx_hal_uart.o

.debug_frame    0x0000000000000000     0x2218
 .debug_frame   0x0000000000000000      0x104 ./Core/Src/main.o
 .debug_frame   0x0000000000000104       0xf0 ./Core/Src/stm32f0xx_hal_msp.o
 .debug_frame   0x00000000000001f4       0x9c ./Core/Src/stm32f0xx_it.o
 .debug_frame   0x0000000000000290       0x4c ./Core/Src/system_stm32f0xx.o
 .debug_frame   0x00000000000002dc      0x2a4 ./Drivers/STM32F0xx_HAL_Driver/Src/stm32f0xx_hal.o
 .debug_frame   0x0000000000000580      0x3a0 ./Drivers/STM32F0xx_HAL_Driver/Src/stm32f0xx_hal_adc.o
 .debug_frame   0x0000000000000920      0x2a0 ./Drivers/STM32F0xx_HAL_Driver/Src/stm32f0xx_hal_cortex.o
 .debug_frame   0x0000000000000bc0      0x110 ./Drivers/STM32F0xx_HAL_Driver/Src/stm32f0xx_hal_gpio.o
 .debug_frame   0x0000000000000cd0      0xa24 ./Drivers/STM32F0xx_HAL_Driver/Src/stm32f0xx_hal_i2c.o
 .debug_frame   0x00000000000016f4       0xd0 ./Drivers/STM32F0xx_HAL_Driver/Src/stm32f0xx_hal_i2c_ex.o
 .debug_frame   0x00000000000017c4      0x198 ./Drivers/STM32F0xx_HAL_Driver/Src/stm32f0xx_hal_rcc.o
 .debug_frame   0x000000000000195c      0x850 ./Drivers/STM32F0xx_HAL_Driver/Src/stm32f0xx_hal_uart.o
 .debug_frame   0x00000000000021ac       0x2c c:/st/stm32cubeide_1.9.0/stm32cubeide/plugins/com.st.stm32cube.ide.mcu.externaltools.gnu-tools-for-stm32.10.3-2021.10.win32_1.0.0.202111181127/tools/bin/../lib/gcc/arm-none-eabi/10.3.1/../../../../arm-none-eabi/lib/thumb/v6-m/nofp\libc_nano.a(lib_a-init.o)
 .debug_frame   0x00000000000021d8       0x20 c:/st/stm32cubeide_1.9.0/stm32cubeide/plugins/com.st.stm32cube.ide.mcu.externaltools.gnu-tools-for-stm32.10.3-2021.10.win32_1.0.0.202111181127/tools/bin/../lib/gcc/arm-none-eabi/10.3.1/../../../../arm-none-eabi/lib/thumb/v6-m/nofp\libc_nano.a(lib_a-memset.o)
 .debug_frame   0x00000000000021f8       0x20 c:/st/stm32cubeide_1.9.0/stm32cubeide/plugins/com.st.stm32cube.ide.mcu.externaltools.gnu-tools-for-stm32.10.3-2021.10.win32_1.0.0.202111181127/tools/bin/../lib/gcc/arm-none-eabi/10.3.1/thumb/v6-m/nofp\libgcc.a(_udivsi3.o)
